2026-08-26 13:34:49,695 - aqt.main - INFO - installer 38448 aqtinstall(aqt) v3.3.0 on Python 3.13.13 [CPython MSC v.1942 64 bit (AMD64)]
2026-08-26 13:34:49,695 - aqt.helper - DEBUG - helper 38448 Attempt to download checksum at https://download.qt.io/online/qtsdkrepository/windows_x86/desktop/qt6_683/qt6_683/Updates.xml.sha256
2026-08-26 13:34:50,075 - aqt.helper - DEBUG - helper 38448 Attempt to download checksum at https://download.qt.io/online/qtsdkrepository/windows_x86/extensions/qtwebengine/683/msvc2022_64/Updates.xml.sha256
2026-08-26 13:34:50,388 - aqt.archives - INFO - archives 38448 Found extension qtwebengine
2026-08-26 13:34:50,388 - aqt.helper - DEBUG - helper 38448 Attempt to download checksum at https://download.qt.io/online/qtsdkrepository/windows_x86/extensions/qtpdf/683/msvc2022_64/Updates.xml.sha256
2026-08-26 13:34:50,699 - aqt.archives - INFO - archives 38448 Found extension qtpdf
2026-08-26 13:34:51,200 - aqt.helper - DEBUG - helper 74236 Attempt to download checksum at https://download.qt.io/online/qtsdkrepository/windows_x86/desktop/qt6_683/qt6_683/qt.qt6.683.win64_msvc2022_64/6.8.3-0-202503201308qtbase-Windows-Windows_11_23H2-MSVC2022-Windows-Windows_11_23H2-X86_64.7z.sha256
2026-08-26 13:34:51,201 - aqt.helper - DEBUG - helper 77704 Attempt to download checksum at https://download.qt.io/online/qtsdkrepository/windows_x86/desktop/qt6_683/qt6_683/qt.qt6.683.win64_msvc2022_64/6.8.3-0-202503201308qtsvg-Windows-Windows_11_23H2-MSVC2022-Windows-Windows_11_23H2-X86_64.7z.sha256
2026-08-26 13:34:51,205 - aqt.helper - DEBUG - helper 79588 Attempt to download checksum at https://download.qt.io/online/qtsdkrepository/windows_x86/desktop/qt6_683/qt6_683/qt.qt6.683.win64_msvc2022_64/6.8.3-0-202503201308qtdeclarative-Windows-Windows_11_23H2-MSVC2022-Windows-Windows_11_23H2-X86_64.7z.sha256
2026-08-26 13:34:51,220 - aqt.helper - DEBUG - helper 70356 Attempt to download checksum at https://download.qt.io/online/qtsdkrepository/windows_x86/desktop/qt6_683/qt6_683/qt.qt6.683.win64_msvc2022_64/6.8.3-0-202503201308qttools-Windows-Windows_11_23H2-MSVC2022-Windows-Windows_11_23H2-X86_64.7z.sha256
2026-08-26 13:34:51,365 - aqt.helper - INFO - helper 79588 Downloading qtdeclarative...
2026-08-26 13:34:51,366 - aqt.helper - INFO - helper 77704 Downloading qtsvg...
2026-08-26 13:34:51,369 - aqt.helper - INFO - helper 74236 Downloading qtbase...
2026-08-26 13:34:51,365 - aqt.installer - DEBUG - installer 79588 Download URL: https://download.qt.io/online/qtsdkrepository/windows_x86/desktop/qt6_683/qt6_683/qt.qt6.683.win64_msvc2022_64/6.8.3-0-202503201308qtdeclarative-Windows-Windows_11_23H2-MSVC2022-Windows-Windows_11_23H2-X86_64.7z
2026-08-26 13:34:51,367 - aqt.installer - DEBUG - installer 77704 Download URL: https://download.qt.io/online/qtsdkrepository/windows_x86/desktop/qt6_683/qt6_683/qt.qt6.683.win64_msvc2022_64/6.8.3-0-202503201308qtsvg-Windows-Windows_11_23H2-MSVC2022-Windows-Windows_11_23H2-X86_64.7z
2026-08-26 13:34:51,369 - aqt.installer - DEBUG - installer 74236 Download URL: https://download.qt.io/online/qtsdkrepository/windows_x86/desktop/qt6_683/qt6_683/qt.qt6.683.win64_msvc2022_64/6.8.3-0-202503201308qtbase-Windows-Windows_11_23H2-MSVC2022-Windows-Windows_11_23H2-X86_64.7z
2026-08-26 13:34:51,389 - aqt.helper - INFO - helper 70356 Downloading qttools...
2026-08-26 13:34:51,390 - aqt.installer - DEBUG - installer 70356 Download URL: https://download.qt.io/online/qtsdkrepository/windows_x86/desktop/qt6_683/qt6_683/qt.qt6.683.win64_msvc2022_64/6.8.3-0-202503201308qttools-Windows-Windows_11_23H2-MSVC2022-Windows-Windows_11_23H2-X86_64.7z
2026-08-26 13:34:51,525 - aqt.helper - DEBUG - helper 79588 Asked to redirect(302) to: https://ftp.fau.de/qtproject/online/qtsdkrepository/windows_x86/desktop/qt6_683/qt6_683/qt.qt6.683.win64_msvc2022_64/6.8.3-0-202503201308qtdeclarative-Windows-Windows_11_23H2-MSVC2022-Windows-Windows_11_23H2-X86_64.7z
2026-08-26 13:34:51,525 - aqt.helper - INFO - helper 79588 Redirected: ftp.fau.de
2026-08-26 13:34:51,526 - aqt.helper - DEBUG - helper 74236 Asked to redirect(302) to: https://ftp.fau.de/qtproject/online/qtsdkrepository/windows_x86/desktop/qt6_683/qt6_683/qt.qt6.683.win64_msvc2022_64/6.8.3-0-202503201308qtbase-Windows-Windows_11_23H2-MSVC2022-Windows-Windows_11_23H2-X86_64.7z
2026-08-26 13:34:51,527 - aqt.helper - INFO - helper 74236 Redirected: ftp.fau.de
2026-08-26 13:34:51,531 - aqt.helper - DEBUG - helper 77704 Asked to redirect(302) to: https://ftp.fau.de/qtproject/online/qtsdkrepository/windows_x86/desktop/qt6_683/qt6_683/qt.qt6.683.win64_msvc2022_64/6.8.3-0-202503201308qtsvg-Windows-Windows_11_23H2-MSVC2022-Windows-Windows_11_23H2-X86_64.7z
2026-08-26 13:34:51,531 - aqt.helper - INFO - helper 77704 Redirected: ftp.fau.de
2026-08-26 13:34:51,550 - aqt.helper - DEBUG - helper 70356 Asked to redirect(302) to: https://ftp.fau.de/qtproject/online/qtsdkrepository/windows_x86/desktop/qt6_683/qt6_683/qt.qt6.683.win64_msvc2022_64/6.8.3-0-202503201308qttools-Windows-Windows_11_23H2-MSVC2022-Windows-Windows_11_23H2-X86_64.7z
2026-08-26 13:34:51,550 - aqt.helper - INFO - helper 70356 Redirected: ftp.fau.de
2026-08-26 13:34:51,869 - aqt.installer - INFO - installer 77704 Finished installation of qtsvg-Windows-Windows_11_23H2-MSVC2022-Windows-Windows_11_23H2-X86_64.7z in 0.67032890
2026-08-26 13:34:51,885 - aqt.helper - DEBUG - helper 77704 Attempt to download checksum at https://download.qt.io/online/qtsdkrepository/windows_x86/desktop/qt6_683/qt6_683/qt.qt6.683.win64_msvc2022_64/6.8.3-0-202503201308qttranslations-Windows-Windows_11_23H2-MSVC2022-Windows-Windows_11_23H2-X86_64.7z.sha256
2026-08-26 13:34:52,048 - aqt.helper - INFO - helper 77704 Downloading qttranslations...
2026-08-26 13:34:52,048 - aqt.installer - DEBUG - installer 77704 Download URL: https://download.qt.io/online/qtsdkrepository/windows_x86/desktop/qt6_683/qt6_683/qt.qt6.683.win64_msvc2022_64/6.8.3-0-202503201308qttranslations-Windows-Windows_11_23H2-MSVC2022-Windows-Windows_11_23H2-X86_64.7z
2026-08-26 13:34:52,226 - aqt.helper - DEBUG - helper 77704 Asked to redirect(302) to: https://ftp.fau.de/qtproject/online/qtsdkrepository/windows_x86/desktop/qt6_683/qt6_683/qt.qt6.683.win64_msvc2022_64/6.8.3-0-202503201308qttranslations-Windows-Windows_11_23H2-MSVC2022-Windows-Windows_11_23H2-X86_64.7z
2026-08-26 13:34:52,226 - aqt.helper - INFO - helper 77704 Redirected: ftp.fau.de
2026-08-26 13:34:53,146 - aqt.installer - INFO - installer 77704 Finished installation of qttranslations-Windows-Windows_11_23H2-MSVC2022-Windows-Windows_11_23H2-X86_64.7z in 1.26469370
2026-08-26 13:34:53,164 - aqt.helper - DEBUG - helper 77704 Attempt to download checksum at https://download.qt.io/online/qtsdkrepository/windows_x86/desktop/qt6_683/qt6_683/qt.qt6.683.win64_msvc2022_64/6.8.3-0-202503201308d3dcompiler_47-x64.7z.sha256
2026-08-26 13:34:53,323 - aqt.helper - INFO - helper 77704 Downloading d3dcompiler_47...
2026-08-26 13:34:53,324 - aqt.installer - DEBUG - installer 77704 Download URL: https://download.qt.io/online/qtsdkrepository/windows_x86/desktop/qt6_683/qt6_683/qt.qt6.683.win64_msvc2022_64/6.8.3-0-202503201308d3dcompiler_47-x64.7z
2026-08-26 13:34:53,484 - aqt.helper - DEBUG - helper 77704 Asked to redirect(302) to: https://ftp.fau.de/qtproject/online/qtsdkrepository/windows_x86/desktop/qt6_683/qt6_683/qt.qt6.683.win64_msvc2022_64/6.8.3-0-202503201308d3dcompiler_47-x64.7z
2026-08-26 13:34:53,484 - aqt.helper - INFO - helper 77704 Redirected: ftp.fau.de
2026-08-26 13:34:53,781 - aqt.installer - INFO - installer 77704 Finished installation of d3dcompiler_47-x64.7z in 0.62055020
2026-08-26 13:34:53,798 - aqt.helper - DEBUG - helper 77704 Attempt to download checksum at https://download.qt.io/online/qtsdkrepository/windows_x86/desktop/qt6_683/qt6_683/qt.qt6.683.win64_msvc2022_64/6.8.3-0-202503201308opengl32sw-64-mesa_11_2_2-signed_sha256.7z.sha256
2026-08-26 13:34:53,951 - aqt.helper - INFO - helper 77704 Downloading opengl32sw...
2026-08-26 13:34:53,951 - aqt.installer - DEBUG - installer 77704 Download URL: https://download.qt.io/online/qtsdkrepository/windows_x86/desktop/qt6_683/qt6_683/qt.qt6.683.win64_msvc2022_64/6.8.3-0-202503201308opengl32sw-64-mesa_11_2_2-signed_sha256.7z
2026-08-26 13:34:54,117 - aqt.helper - DEBUG - helper 77704 Asked to redirect(302) to: https://ftp.fau.de/qtproject/online/qtsdkrepository/windows_x86/desktop/qt6_683/qt6_683/qt.qt6.683.win64_msvc2022_64/6.8.3-0-202503201308opengl32sw-64-mesa_11_2_2-signed_sha256.7z
2026-08-26 13:34:54,117 - aqt.helper - INFO - helper 77704 Redirected: ftp.fau.de
2026-08-26 13:34:54,654 - aqt.installer - INFO - installer 77704 Finished installation of opengl32sw-64-mesa_11_2_2-signed_sha256.7z in 0.85959210
2026-08-26 13:34:56,343 - aqt.installer - INFO - installer 70356 Finished installation of qttools-Windows-Windows_11_23H2-MSVC2022-Windows-Windows_11_23H2-X86_64.7z in 5.12645350
2026-08-26 13:34:59,479 - aqt.installer - INFO - installer 74236 Finished installation of qtbase-Windows-Windows_11_23H2-MSVC2022-Windows-Windows_11_23H2-X86_64.7z in 8.28149180
2026-08-26 13:35:14,820 - aqt.installer - INFO - installer 79588 Finished installation of qtdeclarative-Windows-Windows_11_23H2-MSVC2022-Windows-Windows_11_23H2-X86_64.7z in 23.61879970
2026-08-26 13:35:15,476 - aqt.updater - INFO - updater 38448 Patching D:\Development\chennemann\keepassxc\out\fork-tools\Qt\6.8.3\msvc2022_64\bin\qmake.exe
2026-08-26 13:35:15,480 - aqt.updater - INFO - updater 38448 Patching D:\Development\chennemann\keepassxc\out\fork-tools\Qt\6.8.3\msvc2022_64\lib\Qt6Concurrent.prl
2026-08-26 13:35:15,481 - aqt.updater - INFO - updater 38448 Patching D:\Development\chennemann\keepassxc\out\fork-tools\Qt\6.8.3\msvc2022_64\lib\Qt6Concurrentd.prl
2026-08-26 13:35:15,481 - aqt.updater - INFO - updater 38448 Patching D:\Development\chennemann\keepassxc\out\fork-tools\Qt\6.8.3\msvc2022_64\lib\Qt6Core.prl
2026-08-26 13:35:15,482 - aqt.updater - INFO - updater 38448 Patching D:\Development\chennemann\keepassxc\out\fork-tools\Qt\6.8.3\msvc2022_64\lib\Qt6Cored.prl
2026-08-26 13:35:15,482 - aqt.updater - INFO - updater 38448 Patching D:\Development\chennemann\keepassxc\out\fork-tools\Qt\6.8.3\msvc2022_64\lib\Qt6DBus.prl
2026-08-26 13:35:15,483 - aqt.updater - INFO - updater 38448 Patching D:\Development\chennemann\keepassxc\out\fork-tools\Qt\6.8.3\msvc2022_64\lib\Qt6DBusd.prl
2026-08-26 13:35:15,483 - aqt.updater - INFO - updater 38448 Patching D:\Development\chennemann\keepassxc\out\fork-tools\Qt\6.8.3\msvc2022_64\lib\Qt6Designer.prl
2026-08-26 13:35:15,484 - aqt.updater - INFO - updater 38448 Patching D:\Development\chennemann\keepassxc\out\fork-tools\Qt\6.8.3\msvc2022_64\lib\Qt6DesignerComponents.prl
2026-08-26 13:35:15,484 - aqt.updater - INFO - updater 38448 Patching D:\Development\chennemann\keepassxc\out\fork-tools\Qt\6.8.3\msvc2022_64\lib\Qt6DesignerComponentsd.prl
2026-08-26 13:35:15,485 - aqt.updater - INFO - updater 38448 Patching D:\Development\chennemann\keepassxc\out\fork-tools\Qt\6.8.3\msvc2022_64\lib\Qt6Designerd.prl
2026-08-26 13:35:15,485 - aqt.updater - INFO - updater 38448 Patching D:\Development\chennemann\keepassxc\out\fork-tools\Qt\6.8.3\msvc2022_64\lib\Qt6DeviceDiscoverySupport.prl
2026-08-26 13:35:15,485 - aqt.updater - INFO - updater 38448 Patching D:\Development\chennemann\keepassxc\out\fork-tools\Qt\6.8.3\msvc2022_64\lib\Qt6DeviceDiscoverySupportd.prl
2026-08-26 13:35:15,486 - aqt.updater - INFO - updater 38448 Patching D:\Development\chennemann\keepassxc\out\fork-tools\Qt\6.8.3\msvc2022_64\lib\Qt6EntryPoint.prl
2026-08-26 13:35:15,486 - aqt.updater - INFO - updater 38448 Patching D:\Development\chennemann\keepassxc\out\fork-tools\Qt\6.8.3\msvc2022_64\lib\Qt6EntryPointd.prl
2026-08-26 13:35:15,486 - aqt.updater - INFO - updater 38448 Patching D:\Development\chennemann\keepassxc\out\fork-tools\Qt\6.8.3\msvc2022_64\lib\Qt6ExampleIcons.prl
2026-08-26 13:35:15,487 - aqt.updater - INFO - updater 38448 Patching D:\Development\chennemann\keepassxc\out\fork-tools\Qt\6.8.3\msvc2022_64\lib\Qt6ExampleIconsd.prl
2026-08-26 13:35:15,487 - aqt.updater - INFO - updater 38448 Patching D:\Development\chennemann\keepassxc\out\fork-tools\Qt\6.8.3\msvc2022_64\lib\Qt6ExamplesAssetDownloader.prl
2026-08-26 13:35:15,488 - aqt.updater - INFO - updater 38448 Patching D:\Development\chennemann\keepassxc\out\fork-tools\Qt\6.8.3\msvc2022_64\lib\Qt6ExamplesAssetDownloaderd.prl
2026-08-26 13:35:15,488 - aqt.updater - INFO - updater 38448 Patching D:\Development\chennemann\keepassxc\out\fork-tools\Qt\6.8.3\msvc2022_64\lib\Qt6FbSupport.prl
2026-08-26 13:35:15,488 - aqt.updater - INFO - updater 38448 Patching D:\Development\chennemann\keepassxc\out\fork-tools\Qt\6.8.3\msvc2022_64\lib\Qt6FbSupportd.prl
2026-08-26 13:35:15,489 - aqt.updater - INFO - updater 38448 Patching D:\Development\chennemann\keepassxc\out\fork-tools\Qt\6.8.3\msvc2022_64\lib\Qt6Gui.prl
2026-08-26 13:35:15,489 - aqt.updater - INFO - updater 38448 Patching D:\Development\chennemann\keepassxc\out\fork-tools\Qt\6.8.3\msvc2022_64\lib\Qt6Guid.prl
2026-08-26 13:35:15,489 - aqt.updater - INFO - updater 38448 Patching D:\Development\chennemann\keepassxc\out\fork-tools\Qt\6.8.3\msvc2022_64\lib\Qt6Help.prl
2026-08-26 13:35:15,490 - aqt.updater - INFO - updater 38448 Patching D:\Development\chennemann\keepassxc\out\fork-tools\Qt\6.8.3\msvc2022_64\lib\Qt6Helpd.prl
2026-08-26 13:35:15,490 - aqt.updater - INFO - updater 38448 Patching D:\Development\chennemann\keepassxc\out\fork-tools\Qt\6.8.3\msvc2022_64\lib\Qt6LabsAnimation.prl
2026-08-26 13:35:15,490 - aqt.updater - INFO - updater 38448 Patching D:\Development\chennemann\keepassxc\out\fork-tools\Qt\6.8.3\msvc2022_64\lib\Qt6LabsAnimationd.prl
2026-08-26 13:35:15,491 - aqt.updater - INFO - updater 38448 Patching D:\Development\chennemann\keepassxc\out\fork-tools\Qt\6.8.3\msvc2022_64\lib\Qt6LabsFolderListModel.prl
2026-08-26 13:35:15,491 - aqt.updater - INFO - updater 38448 Patching D:\Development\chennemann\keepassxc\out\fork-tools\Qt\6.8.3\msvc2022_64\lib\Qt6LabsFolderListModeld.prl
2026-08-26 13:35:15,492 - aqt.updater - INFO - updater 38448 Patching D:\Development\chennemann\keepassxc\out\fork-tools\Qt\6.8.3\msvc2022_64\lib\Qt6LabsPlatform.prl
2026-08-26 13:35:15,492 - aqt.updater - INFO - updater 38448 Patching D:\Development\chennemann\keepassxc\out\fork-tools\Qt\6.8.3\msvc2022_64\lib\Qt6LabsPlatformd.prl
2026-08-26 13:35:15,492 - aqt.updater - INFO - updater 38448 Patching D:\Development\chennemann\keepassxc\out\fork-tools\Qt\6.8.3\msvc2022_64\lib\Qt6LabsQmlModels.prl
2026-08-26 13:35:15,493 - aqt.updater - INFO - updater 38448 Patching D:\Development\chennemann\keepassxc\out\fork-tools\Qt\6.8.3\msvc2022_64\lib\Qt6LabsQmlModelsd.prl
2026-08-26 13:35:15,493 - aqt.updater - INFO - updater 38448 Patching D:\Development\chennemann\keepassxc\out\fork-tools\Qt\6.8.3\msvc2022_64\lib\Qt6LabsSettings.prl
2026-08-26 13:35:15,493 - aqt.updater - INFO - updater 38448 Patching D:\Development\chennemann\keepassxc\out\fork-tools\Qt\6.8.3\msvc2022_64\lib\Qt6LabsSettingsd.prl
2026-08-26 13:35:15,494 - aqt.updater - INFO - updater 38448 Patching D:\Development\chennemann\keepassxc\out\fork-tools\Qt\6.8.3\msvc2022_64\lib\Qt6LabsSharedImage.prl
2026-08-26 13:35:15,494 - aqt.updater - INFO - updater 38448 Patching D:\Development\chennemann\keepassxc\out\fork-tools\Qt\6.8.3\msvc2022_64\lib\Qt6LabsSharedImaged.prl
2026-08-26 13:35:15,494 - aqt.updater - INFO - updater 38448 Patching D:\Development\chennemann\keepassxc\out\fork-tools\Qt\6.8.3\msvc2022_64\lib\Qt6LabsWavefrontMesh.prl
2026-08-26 13:35:15,495 - aqt.updater - INFO - updater 38448 Patching D:\Development\chennemann\keepassxc\out\fork-tools\Qt\6.8.3\msvc2022_64\lib\Qt6LabsWavefrontMeshd.prl
2026-08-26 13:35:15,495 - aqt.updater - INFO - updater 38448 Patching D:\Development\chennemann\keepassxc\out\fork-tools\Qt\6.8.3\msvc2022_64\lib\Qt6Network.prl
2026-08-26 13:35:15,495 - aqt.updater - INFO - updater 38448 Patching D:\Development\chennemann\keepassxc\out\fork-tools\Qt\6.8.3\msvc2022_64\lib\Qt6Networkd.prl
2026-08-26 13:35:15,496 - aqt.updater - INFO - updater 38448 Patching D:\Development\chennemann\keepassxc\out\fork-tools\Qt\6.8.3\msvc2022_64\lib\Qt6OpenGL.prl
2026-08-26 13:35:15,496 - aqt.updater - INFO - updater 38448 Patching D:\Development\chennemann\keepassxc\out\fork-tools\Qt\6.8.3\msvc2022_64\lib\Qt6OpenGLd.prl
2026-08-26 13:35:15,496 - aqt.updater - INFO - updater 38448 Patching D:\Development\chennemann\keepassxc\out\fork-tools\Qt\6.8.3\msvc2022_64\lib\Qt6OpenGLWidgets.prl
2026-08-26 13:35:15,497 - aqt.updater - INFO - updater 38448 Patching D:\Development\chennemann\keepassxc\out\fork-tools\Qt\6.8.3\msvc2022_64\lib\Qt6OpenGLWidgetsd.prl
2026-08-26 13:35:15,497 - aqt.updater - INFO - updater 38448 Patching D:\Development\chennemann\keepassxc\out\fork-tools\Qt\6.8.3\msvc2022_64\lib\Qt6PacketProtocol.prl
2026-08-26 13:35:15,497 - aqt.updater - INFO - updater 38448 Patching D:\Development\chennemann\keepassxc\out\fork-tools\Qt\6.8.3\msvc2022_64\lib\Qt6PacketProtocold.prl
2026-08-26 13:35:15,498 - aqt.updater - INFO - updater 38448 Patching D:\Development\chennemann\keepassxc\out\fork-tools\Qt\6.8.3\msvc2022_64\lib\Qt6PrintSupport.prl
2026-08-26 13:35:15,498 - aqt.updater - INFO - updater 38448 Patching D:\Development\chennemann\keepassxc\out\fork-tools\Qt\6.8.3\msvc2022_64\lib\Qt6PrintSupportd.prl
2026-08-26 13:35:15,499 - aqt.updater - INFO - updater 38448 Patching D:\Development\chennemann\keepassxc\out\fork-tools\Qt\6.8.3\msvc2022_64\lib\Qt6Qml.prl
2026-08-26 13:35:15,499 - aqt.updater - INFO - updater 38448 Patching D:\Development\chennemann\keepassxc\out\fork-tools\Qt\6.8.3\msvc2022_64\lib\Qt6QmlAssetDownloader.prl
2026-08-26 13:35:15,499 - aqt.updater - INFO - updater 38448 Patching D:\Development\chennemann\keepassxc\out\fork-tools\Qt\6.8.3\msvc2022_64\lib\Qt6QmlAssetDownloaderd.prl
2026-08-26 13:35:15,500 - aqt.updater - INFO - updater 38448 Patching D:\Development\chennemann\keepassxc\out\fork-tools\Qt\6.8.3\msvc2022_64\lib\Qt6QmlCompiler.prl
2026-08-26 13:35:15,500 - aqt.updater - INFO - updater 38448 Patching D:\Development\chennemann\keepassxc\out\fork-tools\Qt\6.8.3\msvc2022_64\lib\Qt6QmlCompilerd.prl
2026-08-26 13:35:15,500 - aqt.updater - INFO - updater 38448 Patching D:\Development\chennemann\keepassxc\out\fork-tools\Qt\6.8.3\msvc2022_64\lib\Qt6QmlCore.prl
2026-08-26 13:35:15,501 - aqt.updater - INFO - updater 38448 Patching D:\Development\chennemann\keepassxc\out\fork-tools\Qt\6.8.3\msvc2022_64\lib\Qt6QmlCored.prl
2026-08-26 13:35:15,501 - aqt.updater - INFO - updater 38448 Patching D:\Development\chennemann\keepassxc\out\fork-tools\Qt\6.8.3\msvc2022_64\lib\Qt6Qmld.prl
2026-08-26 13:35:15,501 - aqt.updater - INFO - updater 38448 Patching D:\Development\chennemann\keepassxc\out\fork-tools\Qt\6.8.3\msvc2022_64\lib\Qt6QmlDebug.prl
2026-08-26 13:35:15,502 - aqt.updater - INFO - updater 38448 Patching D:\Development\chennemann\keepassxc\out\fork-tools\Qt\6.8.3\msvc2022_64\lib\Qt6QmlDebugd.prl
2026-08-26 13:35:15,502 - aqt.updater - INFO - updater 38448 Patching D:\Development\chennemann\keepassxc\out\fork-tools\Qt\6.8.3\msvc2022_64\lib\Qt6QmlDom.prl
2026-08-26 13:35:15,503 - aqt.updater - INFO - updater 38448 Patching D:\Development\chennemann\keepassxc\out\fork-tools\Qt\6.8.3\msvc2022_64\lib\Qt6QmlDomd.prl
2026-08-26 13:35:15,503 - aqt.updater - INFO - updater 38448 Patching D:\Development\chennemann\keepassxc\out\fork-tools\Qt\6.8.3\msvc2022_64\lib\Qt6QmlLocalStorage.prl
2026-08-26 13:35:15,504 - aqt.updater - INFO - updater 38448 Patching D:\Development\chennemann\keepassxc\out\fork-tools\Qt\6.8.3\msvc2022_64\lib\Qt6QmlLocalStoraged.prl
2026-08-26 13:35:15,504 - aqt.updater - INFO - updater 38448 Patching D:\Development\chennemann\keepassxc\out\fork-tools\Qt\6.8.3\msvc2022_64\lib\Qt6QmlLS.prl
2026-08-26 13:35:15,504 - aqt.updater - INFO - updater 38448 Patching D:\Development\chennemann\keepassxc\out\fork-tools\Qt\6.8.3\msvc2022_64\lib\Qt6QmlLSd.prl
2026-08-26 13:35:15,505 - aqt.updater - INFO - updater 38448 Patching D:\Development\chennemann\keepassxc\out\fork-tools\Qt\6.8.3\msvc2022_64\lib\Qt6QmlMeta.prl
2026-08-26 13:35:15,505 - aqt.updater - INFO - updater 38448 Patching D:\Development\chennemann\keepassxc\out\fork-tools\Qt\6.8.3\msvc2022_64\lib\Qt6QmlMetad.prl
2026-08-26 13:35:15,506 - aqt.updater - INFO - updater 38448 Patching D:\Development\chennemann\keepassxc\out\fork-tools\Qt\6.8.3\msvc2022_64\lib\Qt6QmlModels.prl
2026-08-26 13:35:15,506 - aqt.updater - INFO - updater 38448 Patching D:\Development\chennemann\keepassxc\out\fork-tools\Qt\6.8.3\msvc2022_64\lib\Qt6QmlModelsd.prl
2026-08-26 13:35:15,506 - aqt.updater - INFO - updater 38448 Patching D:\Development\chennemann\keepassxc\out\fork-tools\Qt\6.8.3\msvc2022_64\lib\Qt6QmlNetwork.prl
2026-08-26 13:35:15,507 - aqt.updater - INFO - updater 38448 Patching D:\Development\chennemann\keepassxc\out\fork-tools\Qt\6.8.3\msvc2022_64\lib\Qt6QmlNetworkd.prl
2026-08-26 13:35:15,507 - aqt.updater - INFO - updater 38448 Patching D:\Development\chennemann\keepassxc\out\fork-tools\Qt\6.8.3\msvc2022_64\lib\Qt6QmlToolingSettings.prl
2026-08-26 13:35:15,507 - aqt.updater - INFO - updater 38448 Patching D:\Development\chennemann\keepassxc\out\fork-tools\Qt\6.8.3\msvc2022_64\lib\Qt6QmlToolingSettingsd.prl
2026-08-26 13:35:15,508 - aqt.updater - INFO - updater 38448 Patching D:\Development\chennemann\keepassxc\out\fork-tools\Qt\6.8.3\msvc2022_64\lib\Qt6QmlTypeRegistrar.prl
2026-08-26 13:35:15,508 - aqt.updater - INFO - updater 38448 Patching D:\Development\chennemann\keepassxc\out\fork-tools\Qt\6.8.3\msvc2022_64\lib\Qt6QmlTypeRegistrard.prl
2026-08-26 13:35:15,508 - aqt.updater - INFO - updater 38448 Patching D:\Development\chennemann\keepassxc\out\fork-tools\Qt\6.8.3\msvc2022_64\lib\Qt6QmlWorkerScript.prl
2026-08-26 13:35:15,509 - aqt.updater - INFO - updater 38448 Patching D:\Development\chennemann\keepassxc\out\fork-tools\Qt\6.8.3\msvc2022_64\lib\Qt6QmlWorkerScriptd.prl
2026-08-26 13:35:15,509 - aqt.updater - INFO - updater 38448 Patching D:\Development\chennemann\keepassxc\out\fork-tools\Qt\6.8.3\msvc2022_64\lib\Qt6QmlXmlListModel.prl
2026-08-26 13:35:15,510 - aqt.updater - INFO - updater 38448 Patching D:\Development\chennemann\keepassxc\out\fork-tools\Qt\6.8.3\msvc2022_64\lib\Qt6QmlXmlListModeld.prl
2026-08-26 13:35:15,510 - aqt.updater - INFO - updater 38448 Patching D:\Development\chennemann\keepassxc\out\fork-tools\Qt\6.8.3\msvc2022_64\lib\Qt6Quick.prl
2026-08-26 13:35:15,510 - aqt.updater - INFO - updater 38448 Patching D:\Development\chennemann\keepassxc\out\fork-tools\Qt\6.8.3\msvc2022_64\lib\Qt6QuickControls2.prl
2026-08-26 13:35:15,511 - aqt.updater - INFO - updater 38448 Patching D:\Development\chennemann\keepassxc\out\fork-tools\Qt\6.8.3\msvc2022_64\lib\Qt6QuickControls2Basic.prl
2026-08-26 13:35:15,511 - aqt.updater - INFO - updater 38448 Patching D:\Development\chennemann\keepassxc\out\fork-tools\Qt\6.8.3\msvc2022_64\lib\Qt6QuickControls2Basicd.prl
2026-08-26 13:35:15,511 - aqt.updater - INFO - updater 38448 Patching D:\Development\chennemann\keepassxc\out\fork-tools\Qt\6.8.3\msvc2022_64\lib\Qt6QuickControls2BasicStyleImpl.prl
2026-08-26 13:35:15,512 - aqt.updater - INFO - updater 38448 Patching D:\Development\chennemann\keepassxc\out\fork-tools\Qt\6.8.3\msvc2022_64\lib\Qt6QuickControls2BasicStyleImpld.prl
2026-08-26 13:35:15,512 - aqt.updater - INFO - updater 38448 Patching D:\Development\chennemann\keepassxc\out\fork-tools\Qt\6.8.3\msvc2022_64\lib\Qt6QuickControls2d.prl
2026-08-26 13:35:15,512 - aqt.updater - INFO - updater 38448 Patching D:\Development\chennemann\keepassxc\out\fork-tools\Qt\6.8.3\msvc2022_64\lib\Qt6QuickControls2FluentWinUI3StyleImpl.prl
2026-08-26 13:35:15,513 - aqt.updater - INFO - updater 38448 Patching D:\Development\chennemann\keepassxc\out\fork-tools\Qt\6.8.3\msvc2022_64\lib\Qt6QuickControls2FluentWinUI3StyleImpld.prl
2026-08-26 13:35:15,513 - aqt.updater - INFO - updater 38448 Patching D:\Development\chennemann\keepassxc\out\fork-tools\Qt\6.8.3\msvc2022_64\lib\Qt6QuickControls2Fusion.prl
2026-08-26 13:35:15,514 - aqt.updater - INFO - updater 38448 Patching D:\Development\chennemann\keepassxc\out\fork-tools\Qt\6.8.3\msvc2022_64\lib\Qt6QuickControls2Fusiond.prl
2026-08-26 13:35:15,514 - aqt.updater - INFO - updater 38448 Patching D:\Development\chennemann\keepassxc\out\fork-tools\Qt\6.8.3\msvc2022_64\lib\Qt6QuickControls2FusionStyleImpl.prl
2026-08-26 13:35:15,514 - aqt.updater - INFO - updater 38448 Patching D:\Development\chennemann\keepassxc\out\fork-tools\Qt\6.8.3\msvc2022_64\lib\Qt6QuickControls2FusionStyleImpld.prl
2026-08-26 13:35:15,515 - aqt.updater - INFO - updater 38448 Patching D:\Development\chennemann\keepassxc\out\fork-tools\Qt\6.8.3\msvc2022_64\lib\Qt6QuickControls2Imagine.prl
2026-08-26 13:35:15,515 - aqt.updater - INFO - updater 38448 Patching D:\Development\chennemann\keepassxc\out\fork-tools\Qt\6.8.3\msvc2022_64\lib\Qt6QuickControls2Imagined.prl
2026-08-26 13:35:15,516 - aqt.updater - INFO - updater 38448 Patching D:\Development\chennemann\keepassxc\out\fork-tools\Qt\6.8.3\msvc2022_64\lib\Qt6QuickControls2ImagineStyleImpl.prl
2026-08-26 13:35:15,516 - aqt.updater - INFO - updater 38448 Patching D:\Development\chennemann\keepassxc\out\fork-tools\Qt\6.8.3\msvc2022_64\lib\Qt6QuickControls2ImagineStyleImpld.prl
2026-08-26 13:35:15,516 - aqt.updater - INFO - updater 38448 Patching D:\Development\chennemann\keepassxc\out\fork-tools\Qt\6.8.3\msvc2022_64\lib\Qt6QuickControls2Impl.prl
2026-08-26 13:35:15,517 - aqt.updater - INFO - updater 38448 Patching D:\Development\chennemann\keepassxc\out\fork-tools\Qt\6.8.3\msvc2022_64\lib\Qt6QuickControls2Impld.prl
2026-08-26 13:35:15,517 - aqt.updater - INFO - updater 38448 Patching D:\Development\chennemann\keepassxc\out\fork-tools\Qt\6.8.3\msvc2022_64\lib\Qt6QuickControls2Material.prl
2026-08-26 13:35:15,517 - aqt.updater - INFO - updater 38448 Patching D:\Development\chennemann\keepassxc\out\fork-tools\Qt\6.8.3\msvc2022_64\lib\Qt6QuickControls2Materiald.prl
2026-08-26 13:35:15,518 - aqt.updater - INFO - updater 38448 Patching D:\Development\chennemann\keepassxc\out\fork-tools\Qt\6.8.3\msvc2022_64\lib\Qt6QuickControls2MaterialStyleImpl.prl
2026-08-26 13:35:15,518 - aqt.updater - INFO - updater 38448 Patching D:\Development\chennemann\keepassxc\out\fork-tools\Qt\6.8.3\msvc2022_64\lib\Qt6QuickControls2MaterialStyleImpld.prl
2026-08-26 13:35:15,519 - aqt.updater - INFO - updater 38448 Patching D:\Development\chennemann\keepassxc\out\fork-tools\Qt\6.8.3\msvc2022_64\lib\Qt6QuickControls2Universal.prl
2026-08-26 13:35:15,519 - aqt.updater - INFO - updater 38448 Patching D:\Development\chennemann\keepassxc\out\fork-tools\Qt\6.8.3\msvc2022_64\lib\Qt6QuickControls2Universald.prl
2026-08-26 13:35:15,520 - aqt.updater - INFO - updater 38448 Patching D:\Development\chennemann\keepassxc\out\fork-tools\Qt\6.8.3\msvc2022_64\lib\Qt6QuickControls2UniversalStyleImpl.prl
2026-08-26 13:35:15,520 - aqt.updater - INFO - updater 38448 Patching D:\Development\chennemann\keepassxc\out\fork-tools\Qt\6.8.3\msvc2022_64\lib\Qt6QuickControls2UniversalStyleImpld.prl
2026-08-26 13:35:15,520 - aqt.updater - INFO - updater 38448 Patching D:\Development\chennemann\keepassxc\out\fork-tools\Qt\6.8.3\msvc2022_64\lib\Qt6QuickControls2WindowsStyleImpl.prl
2026-08-26 13:35:15,521 - aqt.updater - INFO - updater 38448 Patching D:\Development\chennemann\keepassxc\out\fork-tools\Qt\6.8.3\msvc2022_64\lib\Qt6QuickControls2WindowsStyleImpld.prl
2026-08-26 13:35:15,521 - aqt.updater - INFO - updater 38448 Patching D:\Development\chennemann\keepassxc\out\fork-tools\Qt\6.8.3\msvc2022_64\lib\Qt6QuickControlsTestUtils.prl
2026-08-26 13:35:15,522 - aqt.updater - INFO - updater 38448 Patching D:\Development\chennemann\keepassxc\out\fork-tools\Qt\6.8.3\msvc2022_64\lib\Qt6QuickControlsTestUtilsd.prl
2026-08-26 13:35:15,522 - aqt.updater - INFO - updater 38448 Patching D:\Development\chennemann\keepassxc\out\fork-tools\Qt\6.8.3\msvc2022_64\lib\Qt6Quickd.prl
2026-08-26 13:35:15,522 - aqt.updater - INFO - updater 38448 Patching D:\Development\chennemann\keepassxc\out\fork-tools\Qt\6.8.3\msvc2022_64\lib\Qt6QuickDialogs2.prl
2026-08-26 13:35:15,523 - aqt.updater - INFO - updater 38448 Patching D:\Development\chennemann\keepassxc\out\fork-tools\Qt\6.8.3\msvc2022_64\lib\Qt6QuickDialogs2d.prl
2026-08-26 13:35:15,523 - aqt.updater - INFO - updater 38448 Patching D:\Development\chennemann\keepassxc\out\fork-tools\Qt\6.8.3\msvc2022_64\lib\Qt6QuickDialogs2QuickImpl.prl
2026-08-26 13:35:15,523 - aqt.updater - INFO - updater 38448 Patching D:\Development\chennemann\keepassxc\out\fork-tools\Qt\6.8.3\msvc2022_64\lib\Qt6QuickDialogs2QuickImpld.prl
2026-08-26 13:35:15,524 - aqt.updater - INFO - updater 38448 Patching D:\Development\chennemann\keepassxc\out\fork-tools\Qt\6.8.3\msvc2022_64\lib\Qt6QuickDialogs2Utils.prl
2026-08-26 13:35:15,524 - aqt.updater - INFO - updater 38448 Patching D:\Development\chennemann\keepassxc\out\fork-tools\Qt\6.8.3\msvc2022_64\lib\Qt6QuickDialogs2Utilsd.prl
2026-08-26 13:35:15,525 - aqt.updater - INFO - updater 38448 Patching D:\Development\chennemann\keepassxc\out\fork-tools\Qt\6.8.3\msvc2022_64\lib\Qt6QuickEffects.prl
2026-08-26 13:35:15,525 - aqt.updater - INFO - updater 38448 Patching D:\Development\chennemann\keepassxc\out\fork-tools\Qt\6.8.3\msvc2022_64\lib\Qt6QuickEffectsd.prl
2026-08-26 13:35:15,525 - aqt.updater - INFO - updater 38448 Patching D:\Development\chennemann\keepassxc\out\fork-tools\Qt\6.8.3\msvc2022_64\lib\Qt6QuickLayouts.prl
2026-08-26 13:35:15,526 - aqt.updater - INFO - updater 38448 Patching D:\Development\chennemann\keepassxc\out\fork-tools\Qt\6.8.3\msvc2022_64\lib\Qt6QuickLayoutsd.prl
2026-08-26 13:35:15,526 - aqt.updater - INFO - updater 38448 Patching D:\Development\chennemann\keepassxc\out\fork-tools\Qt\6.8.3\msvc2022_64\lib\Qt6QuickParticles.prl
2026-08-26 13:35:15,526 - aqt.updater - INFO - updater 38448 Patching D:\Development\chennemann\keepassxc\out\fork-tools\Qt\6.8.3\msvc2022_64\lib\Qt6QuickParticlesd.prl
2026-08-26 13:35:15,527 - aqt.updater - INFO - updater 38448 Patching D:\Development\chennemann\keepassxc\out\fork-tools\Qt\6.8.3\msvc2022_64\lib\Qt6QuickShapes.prl
2026-08-26 13:35:15,527 - aqt.updater - INFO - updater 38448 Patching D:\Development\chennemann\keepassxc\out\fork-tools\Qt\6.8.3\msvc2022_64\lib\Qt6QuickShapesd.prl
2026-08-26 13:35:15,528 - aqt.updater - INFO - updater 38448 Patching D:\Development\chennemann\keepassxc\out\fork-tools\Qt\6.8.3\msvc2022_64\lib\Qt6QuickTemplates2.prl
2026-08-26 13:35:15,528 - aqt.updater - INFO - updater 38448 Patching D:\Development\chennemann\keepassxc\out\fork-tools\Qt\6.8.3\msvc2022_64\lib\Qt6QuickTemplates2d.prl
2026-08-26 13:35:15,528 - aqt.updater - INFO - updater 38448 Patching D:\Development\chennemann\keepassxc\out\fork-tools\Qt\6.8.3\msvc2022_64\lib\Qt6QuickTest.prl
2026-08-26 13:35:15,529 - aqt.updater - INFO - updater 38448 Patching D:\Development\chennemann\keepassxc\out\fork-tools\Qt\6.8.3\msvc2022_64\lib\Qt6QuickTestd.prl
2026-08-26 13:35:15,529 - aqt.updater - INFO - updater 38448 Patching D:\Development\chennemann\keepassxc\out\fork-tools\Qt\6.8.3\msvc2022_64\lib\Qt6QuickTestUtils.prl
2026-08-26 13:35:15,530 - aqt.updater - INFO - updater 38448 Patching D:\Development\chennemann\keepassxc\out\fork-tools\Qt\6.8.3\msvc2022_64\lib\Qt6QuickTestUtilsd.prl
2026-08-26 13:35:15,530 - aqt.updater - INFO - updater 38448 Patching D:\Development\chennemann\keepassxc\out\fork-tools\Qt\6.8.3\msvc2022_64\lib\Qt6QuickVectorImage.prl
2026-08-26 13:35:15,530 - aqt.updater - INFO - updater 38448 Patching D:\Development\chennemann\keepassxc\out\fork-tools\Qt\6.8.3\msvc2022_64\lib\Qt6QuickVectorImaged.prl
2026-08-26 13:35:15,531 - aqt.updater - INFO - updater 38448 Patching D:\Development\chennemann\keepassxc\out\fork-tools\Qt\6.8.3\msvc2022_64\lib\Qt6QuickVectorImageGenerator.prl
2026-08-26 13:35:15,531 - aqt.updater - INFO - updater 38448 Patching D:\Development\chennemann\keepassxc\out\fork-tools\Qt\6.8.3\msvc2022_64\lib\Qt6QuickVectorImageGeneratord.prl
2026-08-26 13:35:15,532 - aqt.updater - INFO - updater 38448 Patching D:\Development\chennemann\keepassxc\out\fork-tools\Qt\6.8.3\msvc2022_64\lib\Qt6QuickWidgets.prl
2026-08-26 13:35:15,532 - aqt.updater - INFO - updater 38448 Patching D:\Development\chennemann\keepassxc\out\fork-tools\Qt\6.8.3\msvc2022_64\lib\Qt6QuickWidgetsd.prl
2026-08-26 13:35:15,533 - aqt.updater - INFO - updater 38448 Patching D:\Development\chennemann\keepassxc\out\fork-tools\Qt\6.8.3\msvc2022_64\lib\Qt6Sql.prl
2026-08-26 13:35:15,533 - aqt.updater - INFO - updater 38448 Patching D:\Development\chennemann\keepassxc\out\fork-tools\Qt\6.8.3\msvc2022_64\lib\Qt6Sqld.prl
2026-08-26 13:35:15,534 - aqt.updater - INFO - updater 38448 Patching D:\Development\chennemann\keepassxc\out\fork-tools\Qt\6.8.3\msvc2022_64\lib\Qt6Svg.prl
2026-08-26 13:35:15,534 - aqt.updater - INFO - updater 38448 Patching D:\Development\chennemann\keepassxc\out\fork-tools\Qt\6.8.3\msvc2022_64\lib\Qt6Svgd.prl
2026-08-26 13:35:15,535 - aqt.updater - INFO - updater 38448 Patching D:\Development\chennemann\keepassxc\out\fork-tools\Qt\6.8.3\msvc2022_64\lib\Qt6SvgWidgets.prl
2026-08-26 13:35:15,535 - aqt.updater - INFO - updater 38448 Patching D:\Development\chennemann\keepassxc\out\fork-tools\Qt\6.8.3\msvc2022_64\lib\Qt6SvgWidgetsd.prl
2026-08-26 13:35:15,535 - aqt.updater - INFO - updater 38448 Patching D:\Development\chennemann\keepassxc\out\fork-tools\Qt\6.8.3\msvc2022_64\lib\Qt6Test.prl
2026-08-26 13:35:15,536 - aqt.updater - INFO - updater 38448 Patching D:\Development\chennemann\keepassxc\out\fork-tools\Qt\6.8.3\msvc2022_64\lib\Qt6Testd.prl
2026-08-26 13:35:15,536 - aqt.updater - INFO - updater 38448 Patching D:\Development\chennemann\keepassxc\out\fork-tools\Qt\6.8.3\msvc2022_64\lib\Qt6UiTools.prl
2026-08-26 13:35:15,537 - aqt.updater - INFO - updater 38448 Patching D:\Development\chennemann\keepassxc\out\fork-tools\Qt\6.8.3\msvc2022_64\lib\Qt6UiToolsd.prl
2026-08-26 13:35:15,537 - aqt.updater - INFO - updater 38448 Patching D:\Development\chennemann\keepassxc\out\fork-tools\Qt\6.8.3\msvc2022_64\lib\Qt6Widgets.prl
2026-08-26 13:35:15,537 - aqt.updater - INFO - updater 38448 Patching D:\Development\chennemann\keepassxc\out\fork-tools\Qt\6.8.3\msvc2022_64\lib\Qt6Widgetsd.prl
2026-08-26 13:35:15,538 - aqt.updater - INFO - updater 38448 Patching D:\Development\chennemann\keepassxc\out\fork-tools\Qt\6.8.3\msvc2022_64\lib\Qt6Xml.prl
2026-08-26 13:35:15,538 - aqt.updater - INFO - updater 38448 Patching D:\Development\chennemann\keepassxc\out\fork-tools\Qt\6.8.3\msvc2022_64\lib\Qt6Xmld.prl
2026-08-26 13:35:15,539 - aqt.main - INFO - installer 38448 Finished installation
2026-08-26 13:35:15,539 - aqt.main - INFO - installer 38448 Time elapsed: 25.84452560 second
